Info: Starting: Create block symbol file (.bsf)
Info: ip-generate --project-directory=C:/Users/secours/Documents/TP-SoC-Branche-V1/ --output-directory=C:/Users/secours/Documents/TP-SoC-Branche-V1/nios_system/ --report-file=bsf:C:/Users/secours/Documents/TP-SoC-Branche-V1/system.bsf --system-info=DEVICE_FAMILY="Cyclone IV E" --system-info=DEVICE=EP4CE22F17C6 --system-info=DEVICE_SPEEDGRADE=6 --component-file=C:/Users/secours/Documents/TP-SoC-Branche-V1/system.qsys
Progress: Loading TP-SoC-Branche-V1/system.qsys
Progress: Reading input file
Progress: Adding clk_0 [clock_source 13.0]
Progress: Parameterizing module clk_0
Progress: Adding nios2_processor [altera_nios2_qsys 13.0]
Progress: Parameterizing module nios2_processor
Progress: Adding onchip_memory [altera_avalon_onchip_memory2 13.0.1.99.2]
Progress: Parameterizing module onchip_memory
Progress: Adding jtag_uart [altera_avalon_jtag_uart 13.0.1.99.2]
Progress: Parameterizing module jtag_uart
Progress: Adding LEDS [altera_avalon_pio 13.0.1.99.2]
Progress: Parameterizing module LEDS
Progress: Adding switches [altera_avalon_pio 13.0.1.99.2]
Progress: Parameterizing module switches
Progress: Adding sdram [altera_avalon_new_sdram_controller 13.0.1.99.2]
Progress: Parameterizing module sdram
Progress: Adding clocks [altera_up_clocks 13.0]
Progress: Parameterizing module clocks
Progress: Adding ip_pwm_motor_0 [ip_pwm_motor 1.0]
Progress: Parameterizing module ip_pwm_motor_0
Progress: Adding ip_ltc2308_adc_0 [ip_ltc2308_adc 1.0]
Progress: Parameterizing module ip_ltc2308_adc_0
Progress: Building connections
Progress: Parameterizing connections
Progress: Validating
Progress: Done reading input file
Info: system.switches: PIO inputs are not hardwired in test bench. Undefined values will be read from PIO inputs during simulation.
Warning: system.jtag_uart: Interrupt sender jtag_uart.irq is not connected to an interrupt receiver
Info: ip-generate succeeded.
Info: Finished: Create block symbol file (.bsf)
Info: 
Info: Starting: Create HDL design files for synthesis
Info: ip-generate --project-directory=C:/Users/secours/Documents/TP-SoC-Branche-V1/ --output-directory=C:/Users/secours/Documents/TP-SoC-Branche-V1/nios_system/synthesis/ --file-set=QUARTUS_SYNTH --report-file=sopcinfo:C:/Users/secours/Documents/TP-SoC-Branche-V1/system.sopcinfo --report-file=html:C:/Users/secours/Documents/TP-SoC-Branche-V1/system.html --report-file=qip:C:/Users/secours/Documents/TP-SoC-Branche-V1/nios_system/synthesis/system.qip --report-file=cmp:C:/Users/secours/Documents/TP-SoC-Branche-V1/system.cmp --report-file=svd --system-info=DEVICE_FAMILY="Cyclone IV E" --system-info=DEVICE=EP4CE22F17C6 --system-info=DEVICE_SPEEDGRADE=6 --component-file=C:/Users/secours/Documents/TP-SoC-Branche-V1/system.qsys --language=VHDL
Progress: Loading TP-SoC-Branche-V1/system.qsys
Progress: Reading input file
Progress: Adding clk_0 [clock_source 13.0]
Progress: Parameterizing module clk_0
Progress: Adding nios2_processor [altera_nios2_qsys 13.0]
Progress: Parameterizing module nios2_processor
Progress: Adding onchip_memory [altera_avalon_onchip_memory2 13.0.1.99.2]
Progress: Parameterizing module onchip_memory
Progress: Adding jtag_uart [altera_avalon_jtag_uart 13.0.1.99.2]
Progress: Parameterizing module jtag_uart
Progress: Adding LEDS [altera_avalon_pio 13.0.1.99.2]
Progress: Parameterizing module LEDS
Progress: Adding switches [altera_avalon_pio 13.0.1.99.2]
Progress: Parameterizing module switches
Progress: Adding sdram [altera_avalon_new_sdram_controller 13.0.1.99.2]
Progress: Parameterizing module sdram
Progress: Adding clocks [altera_up_clocks 13.0]
Progress: Parameterizing module clocks
Progress: Adding ip_pwm_motor_0 [ip_pwm_motor 1.0]
Progress: Parameterizing module ip_pwm_motor_0
Progress: Adding ip_ltc2308_adc_0 [ip_ltc2308_adc 1.0]
Progress: Parameterizing module ip_ltc2308_adc_0
Progress: Building connections
Progress: Parameterizing connections
Progress: Validating
Progress: Done reading input file
Info: system.switches: PIO inputs are not hardwired in test bench. Undefined values will be read from PIO inputs during simulation.
Warning: system.jtag_uart: Interrupt sender jtag_uart.irq is not connected to an interrupt receiver
Info: system: Generating system "system" for QUARTUS_SYNTH
Info: pipeline_bridge_swap_transform: After transform: 10 modules, 38 connections
Info: No custom instruction connections, skipping transform 
Info: merlin_translator_transform: After transform: 20 modules, 78 connections
Info: merlin_domain_transform: After transform: 40 modules, 209 connections
Info: merlin_router_transform: After transform: 50 modules, 249 connections
Info: merlin_burst_transform: After transform: 51 modules, 253 connections
Info: reset_adaptation_transform: After transform: 53 modules, 200 connections
Info: merlin_network_to_switch_transform: After transform: 72 modules, 242 connections
Info: merlin_width_transform: After transform: 74 modules, 248 connections
Info: merlin_mm_transform: After transform: 74 modules, 248 connections
Info: merlin_interrupt_mapper_transform: After transform: 75 modules, 251 connections
Warning: system: "No matching role found for rst_controller:reset_out:reset_req (reset_req)"
Warning: system: "No matching role found for rst_controller:reset_out:reset_req (reset_req)"
Warning: system: "No matching role found for rst_controller:reset_out:reset_req (reset_req)"
Warning: system: "No matching role found for rst_controller:reset_out:reset_req (reset_req)"
Warning: system: "No matching role found for rst_controller:reset_out:reset_req (reset_req)"
Warning: system: "No matching role found for rst_controller:reset_out:reset_req (reset_req)"
Warning: system: "No matching role found for rst_controller:reset_out:reset_req (reset_req)"
Warning: system: "No matching role found for rst_controller:reset_out:reset_req (reset_req)"
Warning: system: "No matching role found for rst_controller:reset_out:reset_req (reset_req)"
Warning: system: "No matching role found for rst_controller:reset_out:reset_req (reset_req)"
Warning: system: "No matching role found for rst_controller:reset_out:reset_req (reset_req)"
Warning: system: "No matching role found for rst_controller:reset_out:reset_req (reset_req)"
Warning: system: "No matching role found for rst_controller:reset_out:reset_req (reset_req)"
Warning: system: "No matching role found for rst_controller:reset_out:reset_req (reset_req)"
Warning: system: "No matching role found for rst_controller:reset_out:reset_req (reset_req)"
Warning: system: "No matching role found for rst_controller:reset_out:reset_req (reset_req)"
Warning: system: "No matching role found for rst_controller:reset_out:reset_req (reset_req)"
Warning: system: "No matching role found for rst_controller:reset_out:reset_req (reset_req)"
Warning: system: "No matching role found for rst_controller:reset_out:reset_req (reset_req)"
Warning: system: "No matching role found for rst_controller:reset_out:reset_req (reset_req)"
Warning: system: "No matching role found for rst_controller:reset_out:reset_req (reset_req)"
Warning: system: "No matching role found for rst_controller:reset_out:reset_req (reset_req)"
Warning: system: "No matching role found for rst_controller:reset_out:reset_req (reset_req)"
Warning: system: "No matching role found for rst_controller:reset_out:reset_req (reset_req)"
Warning: system: "No matching role found for rst_controller:reset_out:reset_req (reset_req)"
Warning: system: "No matching role found for rst_controller:reset_out:reset_req (reset_req)"
Warning: system: "No matching role found for rst_controller:reset_out:reset_req (reset_req)"
Warning: system: "No matching role found for rst_controller:reset_out:reset_req (reset_req)"
Warning: system: "No matching role found for rst_controller:reset_out:reset_req (reset_req)"
Warning: system: "No matching role found for rst_controller:reset_out:reset_req (reset_req)"
Warning: system: "No matching role found for rst_controller:reset_out:reset_req (reset_req)"
Warning: system: "No matching role found for rst_controller:reset_out:reset_req (reset_req)"
Warning: system: "No matching role found for rst_controller:reset_out:reset_req (reset_req)"
Warning: system: "No matching role found for rst_controller:reset_out:reset_req (reset_req)"
Warning: system: "No matching role found for rst_controller:reset_out:reset_req (reset_req)"
Warning: system: "No matching role found for rst_controller:reset_out:reset_req (reset_req)"
Warning: system: "No matching role found for rst_controller:reset_out:reset_req (reset_req)"
Warning: system: "No matching role found for rst_controller:reset_out:reset_req (reset_req)"
Warning: system: "No matching role found for rst_controller:reset_out:reset_req (reset_req)"
Warning: system: "No matching role found for rst_controller:reset_out:reset_req (reset_req)"
Warning: system: "No matching role found for rst_controller:reset_out:reset_req (reset_req)"
Warning: system: "No matching role found for rst_controller:reset_out:reset_req (reset_req)"
Warning: system: "No matching role found for rst_controller:reset_out:reset_req (reset_req)"
Warning: system: "No matching role found for rst_controller:reset_out:reset_req (reset_req)"
Warning: system: "No matching role found for rst_controller:reset_out:reset_req (reset_req)"
Warning: system: "No matching role found for rst_controller:reset_out:reset_req (reset_req)"
Warning: system: "No matching role found for rst_controller:reset_out:reset_req (reset_req)"
Warning: system: "No matching role found for rst_controller:reset_out:reset_req (reset_req)"
Warning: system: "No matching role found for rst_controller:reset_out:reset_req (reset_req)"
Warning: system: "No matching role found for rst_controller:reset_out:reset_req (reset_req)"
Warning: system: "No matching role found for rst_controller:reset_out:reset_req (reset_req)"
Warning: system: "No matching role found for rst_controller:reset_out:reset_req (reset_req)"
Warning: system: "No matching role found for rst_controller:reset_out:reset_req (reset_req)"
Warning: system: "No matching role found for rst_controller:reset_out:reset_req (reset_req)"
Warning: system: "No matching role found for rst_controller:reset_out:reset_req (reset_req)"
Warning: system: "No matching role found for rst_controller:reset_out:reset_req (reset_req)"
Warning: system: "No matching role found for rst_controller:reset_out:reset_req (reset_req)"
Warning: system: "No matching role found for rst_controller:reset_out:reset_req (reset_req)"
Warning: system: "No matching role found for rst_controller:reset_out:reset_req (reset_req)"
Warning: system: "No matching role found for rst_controller:reset_out:reset_req (reset_req)"
Warning: system: "No matching role found for rst_controller:reset_out:reset_req (reset_req)"
Warning: system: "No matching role found for rst_controller:reset_out:reset_req (reset_req)"
Warning: system: "No matching role found for rst_controller:reset_out:reset_req (reset_req)"
Warning: system: "No matching role found for rst_controller:reset_out:reset_req (reset_req)"
Warning: system: "No matching role found for rst_controller:reset_out:reset_req (reset_req)"
Warning: system: "No matching role found for rst_controller:reset_out:reset_req (reset_req)"
Warning: system: "No matching role found for rst_controller:reset_out:reset_req (reset_req)"
Warning: system: "No matching role found for rst_controller:reset_out:reset_req (reset_req)"
Warning: system: "No matching role found for rst_controller:reset_out:reset_req (reset_req)"
Warning: system: "No matching role found for rst_controller:reset_out:reset_req (reset_req)"
Info: nios2_processor: Starting RTL generation for module 'system_nios2_processor'
Info: nios2_processor:   Generation command is [exec C:/altera/13.0sp1/quartus/../ip/altera/nios2_ip/altera_nios2/eperl.exe -I C:/altera/13.0sp1/quartus/common/ip/altera/common/perl/5.8.3 -I C:/altera/13.0sp1/quartus/sopc_builder/bin/europa -I C:/altera/13.0sp1/quartus/sopc_builder/bin/perl_lib -I C:/altera/13.0sp1/quartus/sopc_builder/bin -I C:/altera/13.0sp1/quartus/../ip/altera/nios2_ip/altera_nios2/cpu_lib -I C:/altera/13.0sp1/quartus/../ip/altera/nios2_ip/altera_nios2/nios_lib -I C:/altera/13.0sp1/quartus/../ip/altera/nios2_ip/altera_nios2 -I C:/altera/13.0sp1/quartus/../ip/altera/nios2_ip/altera_nios2 -- C:/altera/13.0sp1/quartus/../ip/altera/nios2_ip/altera_nios2/generate_rtl.epl --name=system_nios2_processor --dir=C:/Users/secours/AppData/Local/Temp/alt0592_885249848360279296.dir/0001_nios2_processor_gen/ --quartus_dir=C:/altera/13.0sp1/quartus --verilog --config=C:/Users/secours/AppData/Local/Temp/alt0592_885249848360279296.dir/0001_nios2_processor_gen//system_nios2_processor_processor_configuration.pl  --do_build_sim=0    --bogus  ]
Info: nios2_processor: # 2026.05.19 08:57:56 (*) Starting Nios II generation
Info: nios2_processor: # 2026.05.19 08:57:56 (*)   Checking for plaintext license.
Info: nios2_processor: # 2026.05.19 08:58:15 (*)   Plaintext license not found.
Info: nios2_processor: # 2026.05.19 08:58:15 (*)   No license required to generate encrypted Nios II/e.
Info: nios2_processor: # 2026.05.19 08:58:15 (*)   Elaborating CPU configuration settings
Info: nios2_processor: # 2026.05.19 08:58:15 (*)   Creating all objects for CPU
Info: nios2_processor: # 2026.05.19 08:58:16 (*)   Generating RTL from CPU objects
Info: nios2_processor: # 2026.05.19 08:58:16 (*)   Creating plain-text RTL
Info: nios2_processor: # 2026.05.19 08:58:18 (*) Done Nios II generation
Info: nios2_processor: Done RTL generation for module 'system_nios2_processor'
Info: nios2_processor: "system" instantiated altera_nios2_qsys "nios2_processor"
Info: onchip_memory: Starting RTL generation for module 'system_onchip_memory'
Info: onchip_memory:   Generation command is [exec C:/altera/13.0sp1/quartus/bin/perl/bin/perl.exe -I C:/altera/13.0sp1/quartus/common/ip/altera/common/perl/5.8.3 -I C:/altera/13.0sp1/quartus/sopc_builder/bin/europa -I C:/altera/13.0sp1/quartus/sopc_builder/bin/perl_lib -I C:/altera/13.0sp1/quartus/sopc_builder/bin -I C:/altera/13.0sp1/quartus/../ip/altera/sopc_builder_ip/common -I C:/altera/13.0sp1/quartus/../ip/altera/sopc_builder_ip/altera_avalon_onchip_memory2 -- C:/altera/13.0sp1/quartus/../ip/altera/sopc_builder_ip/altera_avalon_onchip_memory2/generate_rtl.pl --name=system_onchip_memory --dir=C:/Users/secours/AppData/Local/Temp/alt0592_885249848360279296.dir/0002_onchip_memory_gen/ --quartus_dir=C:/altera/13.0sp1/quartus --verilog --config=C:/Users/secours/AppData/Local/Temp/alt0592_885249848360279296.dir/0002_onchip_memory_gen//system_onchip_memory_component_configuration.pl  --do_build_sim=0  ]
Info: onchip_memory: Done RTL generation for module 'system_onchip_memory'
Info: onchip_memory: "system" instantiated altera_avalon_onchip_memory2 "onchip_memory"
Info: jtag_uart: Starting RTL generation for module 'system_jtag_uart'
Info: jtag_uart:   Generation command is [exec C:/altera/13.0sp1/quartus/bin/perl/bin/perl.exe -I C:/altera/13.0sp1/quartus/common/ip/altera/common/perl/5.8.3 -I C:/altera/13.0sp1/quartus/sopc_builder/bin/europa -I C:/altera/13.0sp1/quartus/sopc_builder/bin/perl_lib -I C:/altera/13.0sp1/quartus/sopc_builder/bin -I C:/altera/13.0sp1/quartus/../ip/altera/sopc_builder_ip/common -I C:/altera/13.0sp1/quartus/../ip/altera/sopc_builder_ip/altera_avalon_jtag_uart -- C:/altera/13.0sp1/quartus/../ip/altera/sopc_builder_ip/altera_avalon_jtag_uart/generate_rtl.pl --name=system_jtag_uart --dir=C:/Users/secours/AppData/Local/Temp/alt0592_885249848360279296.dir/0003_jtag_uart_gen/ --quartus_dir=C:/altera/13.0sp1/quartus --verilog --config=C:/Users/secours/AppData/Local/Temp/alt0592_885249848360279296.dir/0003_jtag_uart_gen//system_jtag_uart_component_configuration.pl  --do_build_sim=0  ]
Info: jtag_uart: Done RTL generation for module 'system_jtag_uart'
Info: jtag_uart: "system" instantiated altera_avalon_jtag_uart "jtag_uart"
Info: LEDS: Starting RTL generation for module 'system_LEDS'
Info: LEDS:   Generation command is [exec C:/altera/13.0sp1/quartus/bin/perl/bin/perl.exe -I C:/altera/13.0sp1/quartus/common/ip/altera/common/perl/5.8.3 -I C:/altera/13.0sp1/quartus/sopc_builder/bin/europa -I C:/altera/13.0sp1/quartus/sopc_builder/bin/perl_lib -I C:/altera/13.0sp1/quartus/sopc_builder/bin -I C:/altera/13.0sp1/quartus/../ip/altera/sopc_builder_ip/common -I C:/altera/13.0sp1/quartus/../ip/altera/sopc_builder_ip/altera_avalon_pio -- C:/altera/13.0sp1/quartus/../ip/altera/sopc_builder_ip/altera_avalon_pio/generate_rtl.pl --name=system_LEDS --dir=C:/Users/secours/AppData/Local/Temp/alt0592_885249848360279296.dir/0004_LEDS_gen/ --quartus_dir=C:/altera/13.0sp1/quartus --verilog --config=C:/Users/secours/AppData/Local/Temp/alt0592_885249848360279296.dir/0004_LEDS_gen//system_LEDS_component_configuration.pl  --do_build_sim=0  ]
Info: LEDS: Done RTL generation for module 'system_LEDS'
Info: LEDS: "system" instantiated altera_avalon_pio "LEDS"
Info: switches: Starting RTL generation for module 'system_switches'
Info: switches:   Generation command is [exec C:/altera/13.0sp1/quartus/bin/perl/bin/perl.exe -I C:/altera/13.0sp1/quartus/common/ip/altera/common/perl/5.8.3 -I C:/altera/13.0sp1/quartus/sopc_builder/bin/europa -I C:/altera/13.0sp1/quartus/sopc_builder/bin/perl_lib -I C:/altera/13.0sp1/quartus/sopc_builder/bin -I C:/altera/13.0sp1/quartus/../ip/altera/sopc_builder_ip/common -I C:/altera/13.0sp1/quartus/../ip/altera/sopc_builder_ip/altera_avalon_pio -- C:/altera/13.0sp1/quartus/../ip/altera/sopc_builder_ip/altera_avalon_pio/generate_rtl.pl --name=system_switches --dir=C:/Users/secours/AppData/Local/Temp/alt0592_885249848360279296.dir/0005_switches_gen/ --quartus_dir=C:/altera/13.0sp1/quartus --verilog --config=C:/Users/secours/AppData/Local/Temp/alt0592_885249848360279296.dir/0005_switches_gen//system_switches_component_configuration.pl  --do_build_sim=0  ]
Info: switches: Done RTL generation for module 'system_switches'
Info: switches: "system" instantiated altera_avalon_pio "switches"
Info: sdram: Starting RTL generation for module 'system_sdram'
Info: sdram:   Generation command is [exec C:/altera/13.0sp1/quartus/bin/perl/bin/perl.exe -I C:/altera/13.0sp1/quartus/common/ip/altera/common/perl/5.8.3 -I C:/altera/13.0sp1/quartus/sopc_builder/bin/europa -I C:/altera/13.0sp1/quartus/sopc_builder/bin/perl_lib -I C:/altera/13.0sp1/quartus/sopc_builder/bin -I C:/altera/13.0sp1/quartus/../ip/altera/sopc_builder_ip/common -I C:/altera/13.0sp1/quartus/../ip/altera/sopc_builder_ip/altera_avalon_new_sdram_controller -- C:/altera/13.0sp1/quartus/../ip/altera/sopc_builder_ip/altera_avalon_new_sdram_controller/generate_rtl.pl --name=system_sdram --dir=C:/Users/secours/AppData/Local/Temp/alt0592_885249848360279296.dir/0006_sdram_gen/ --quartus_dir=C:/altera/13.0sp1/quartus --verilog --config=C:/Users/secours/AppData/Local/Temp/alt0592_885249848360279296.dir/0006_sdram_gen//system_sdram_component_configuration.pl  --do_build_sim=0  ]
Info: sdram: Done RTL generation for module 'system_sdram'
Info: sdram: "system" instantiated altera_avalon_new_sdram_controller "sdram"
Info: clocks: Starting Generation of Required Clocks for DE-Series Boards
Info: clocks: "system" instantiated altera_up_clocks "clocks"
Info: ip_pwm_motor_0: "system" instantiated ip_pwm_motor "ip_pwm_motor_0"
Info: ip_ltc2308_adc_0: "system" instantiated ip_ltc2308_adc "ip_ltc2308_adc_0"
Info: nios2_processor_instruction_master_translator: "system" instantiated altera_merlin_master_translator "nios2_processor_instruction_master_translator"
Info: nios2_processor_jtag_debug_module_translator: "system" instantiated altera_merlin_slave_translator "nios2_processor_jtag_debug_module_translator"
Info: nios2_processor_instruction_master_translator_avalon_universal_master_0_agent: "system" instantiated altera_merlin_master_agent "nios2_processor_instruction_master_translator_avalon_universal_master_0_agent"
Info: nios2_processor_jtag_debug_module_translator_avalon_universal_slave_0_agent: "system" instantiated altera_merlin_slave_agent "nios2_processor_jtag_debug_module_translator_avalon_universal_slave_0_agent"
Info: nios2_processor_jtag_debug_module_translator_avalon_universal_slave_0_agent_rsp_fifo: "system" instantiated altera_avalon_sc_fifo "nios2_processor_jtag_debug_module_translator_avalon_universal_slave_0_agent_rsp_fifo"
Info: addr_router: "system" instantiated altera_merlin_router "addr_router"
Info: addr_router_001: "system" instantiated altera_merlin_router "addr_router_001"
Info: id_router: "system" instantiated altera_merlin_router "id_router"
Info: id_router_002: "system" instantiated altera_merlin_router "id_router_002"
Info: id_router_003: "system" instantiated altera_merlin_router "id_router_003"
Info: burst_adapter: "system" instantiated altera_merlin_burst_adapter "burst_adapter"
Info: rst_controller: "system" instantiated altera_reset_controller "rst_controller"
Info: cmd_xbar_demux: "system" instantiated altera_merlin_demultiplexer "cmd_xbar_demux"
Info: cmd_xbar_demux_001: "system" instantiated altera_merlin_demultiplexer "cmd_xbar_demux_001"
Info: cmd_xbar_mux: "system" instantiated altera_merlin_multiplexer "cmd_xbar_mux"
Info: rsp_xbar_demux: "system" instantiated altera_merlin_demultiplexer "rsp_xbar_demux"
Info: rsp_xbar_demux_003: "system" instantiated altera_merlin_demultiplexer "rsp_xbar_demux_003"
Info: rsp_xbar_mux: "system" instantiated altera_merlin_multiplexer "rsp_xbar_mux"
Info: Reusing file C:/Users/secours/Documents/TP-SoC-Branche-V1/nios_system/synthesis/submodules/altera_merlin_arbitrator.sv
Info: rsp_xbar_mux_001: "system" instantiated altera_merlin_multiplexer "rsp_xbar_mux_001"
Info: Reusing file C:/Users/secours/Documents/TP-SoC-Branche-V1/nios_system/synthesis/submodules/altera_merlin_arbitrator.sv
Info: width_adapter: "system" instantiated altera_merlin_width_adapter "width_adapter"
Info: Reusing file C:/Users/secours/Documents/TP-SoC-Branche-V1/nios_system/synthesis/submodules/altera_merlin_address_alignment.sv
Info: Reusing file C:/Users/secours/Documents/TP-SoC-Branche-V1/nios_system/synthesis/submodules/altera_merlin_burst_uncompressor.sv
Info: irq_mapper: "system" instantiated altera_irq_mapper "irq_mapper"
Info: system: Done system" with 31 modules, 146 files, 2944302 bytes
Info: ip-generate succeeded.
Info: Finished: Create HDL design files for synthesis
