Info: Starting: Create block symbol file (.bsf)
Info: ip-generate --project-directory=C:/Users/secours/Documents/SoC_TP1/vhdl/ --output-directory=C:/Users/secours/Documents/SoC_TP1/vhdl/nios_system/ --report-file=bsf:C:/Users/secours/Documents/SoC_TP1/vhdl/nios_system.bsf --system-info=DEVICE_FAMILY="Cyclone II" --system-info=DEVICE=EP2C20F484C7 --system-info=DEVICE_SPEEDGRADE=7 --component-file=C:/Users/secours/Documents/SoC_TP1/vhdl/nios_system.qsys
Progress: Loading vhdl/nios_system.qsys
Progress: Reading input file
Progress: Adding clk [clock_source 13.0]
Progress: Parameterizing module clk
Progress: Adding JTAG_UART [altera_avalon_jtag_uart 13.0.1.99.2]
Progress: Parameterizing module JTAG_UART
Progress: Adding Interval_timer [altera_avalon_timer 13.0.1.99.2]
Progress: Parameterizing module Interval_timer
Progress: Adding sdram [altera_avalon_new_sdram_controller 13.0.1.99.2]
Progress: Parameterizing module sdram
Progress: Adding Red_LEDs [altera_up_avalon_parallel_port 13.0]
Progress: Parameterizing module Red_LEDs
Progress: Adding Green_LEDs [altera_up_avalon_parallel_port 13.0]
Progress: Parameterizing module Green_LEDs
Progress: Adding HEX3_HEX0 [altera_up_avalon_parallel_port 13.0]
Progress: Parameterizing module HEX3_HEX0
Progress: Adding Slider_switches [altera_up_avalon_parallel_port 13.0]
Progress: Parameterizing module Slider_switches
Progress: Adding Pushbuttons [altera_up_avalon_parallel_port 13.0]
Progress: Parameterizing module Pushbuttons
Progress: Adding Expansion_JP1 [altera_up_avalon_parallel_port 13.0]
Progress: Parameterizing module Expansion_JP1
Progress: Adding Expansion_JP2 [altera_up_avalon_parallel_port 13.0]
Progress: Parameterizing module Expansion_JP2
Progress: Adding Serial_port [altera_up_avalon_rs232 13.0]
Progress: Parameterizing module Serial_port
Progress: Adding SRAM [altera_up_avalon_sram 13.0]
Progress: Parameterizing module SRAM
Progress: Adding cpu [altera_nios2_qsys 13.0]
Progress: Parameterizing module cpu
Progress: Adding onchip_memory2_0 [altera_avalon_onchip_memory2 13.0.1.99.2]
Progress: Parameterizing module onchip_memory2_0
Progress: Adding nios2_qsys_0 [altera_nios2_qsys 13.0]
Progress: Parameterizing module nios2_qsys_0
Progress: Adding reg16_avalon_interface_0 [reg16_avalon_interface 1.0]
Progress: Parameterizing module reg16_avalon_interface_0
Progress: Building connections
Progress: Parameterizing connections
Progress: Validating
Progress: Done reading input file
Info: nios_system.cpu: CPUID control register value is 0. Please manually assign CPUID if creating multiple Nios II system
Info: ip-generate succeeded.
Info: Finished: Create block symbol file (.bsf)
Info: 
Info: Starting: Create HDL design files for synthesis
Info: ip-generate --project-directory=C:/Users/secours/Documents/SoC_TP1/vhdl/ --output-directory=C:/Users/secours/Documents/SoC_TP1/vhdl/nios_system/synthesis/ --file-set=QUARTUS_SYNTH --report-file=sopcinfo:C:/Users/secours/Documents/SoC_TP1/vhdl/nios_system.sopcinfo --report-file=html:C:/Users/secours/Documents/SoC_TP1/vhdl/nios_system.html --report-file=qip:C:/Users/secours/Documents/SoC_TP1/vhdl/nios_system/synthesis/nios_system.qip --report-file=cmp:C:/Users/secours/Documents/SoC_TP1/vhdl/nios_system.cmp --report-file=svd --system-info=DEVICE_FAMILY="Cyclone II" --system-info=DEVICE=EP2C20F484C7 --system-info=DEVICE_SPEEDGRADE=7 --component-file=C:/Users/secours/Documents/SoC_TP1/vhdl/nios_system.qsys --language=VHDL
Progress: Loading vhdl/nios_system.qsys
Progress: Reading input file
Progress: Adding clk [clock_source 13.0]
Progress: Parameterizing module clk
Progress: Adding JTAG_UART [altera_avalon_jtag_uart 13.0.1.99.2]
Progress: Parameterizing module JTAG_UART
Progress: Adding Interval_timer [altera_avalon_timer 13.0.1.99.2]
Progress: Parameterizing module Interval_timer
Progress: Adding sdram [altera_avalon_new_sdram_controller 13.0.1.99.2]
Progress: Parameterizing module sdram
Progress: Adding Red_LEDs [altera_up_avalon_parallel_port 13.0]
Progress: Parameterizing module Red_LEDs
Progress: Adding Green_LEDs [altera_up_avalon_parallel_port 13.0]
Progress: Parameterizing module Green_LEDs
Progress: Adding HEX3_HEX0 [altera_up_avalon_parallel_port 13.0]
Progress: Parameterizing module HEX3_HEX0
Progress: Adding Slider_switches [altera_up_avalon_parallel_port 13.0]
Progress: Parameterizing module Slider_switches
Progress: Adding Pushbuttons [altera_up_avalon_parallel_port 13.0]
Progress: Parameterizing module Pushbuttons
Progress: Adding Expansion_JP1 [altera_up_avalon_parallel_port 13.0]
Progress: Parameterizing module Expansion_JP1
Progress: Adding Expansion_JP2 [altera_up_avalon_parallel_port 13.0]
Progress: Parameterizing module Expansion_JP2
Progress: Adding Serial_port [altera_up_avalon_rs232 13.0]
Progress: Parameterizing module Serial_port
Progress: Adding SRAM [altera_up_avalon_sram 13.0]
Progress: Parameterizing module SRAM
Progress: Adding cpu [altera_nios2_qsys 13.0]
Progress: Parameterizing module cpu
Progress: Adding onchip_memory2_0 [altera_avalon_onchip_memory2 13.0.1.99.2]
Progress: Parameterizing module onchip_memory2_0
Progress: Adding nios2_qsys_0 [altera_nios2_qsys 13.0]
Progress: Parameterizing module nios2_qsys_0
Progress: Adding reg16_avalon_interface_0 [reg16_avalon_interface 1.0]
Progress: Parameterizing module reg16_avalon_interface_0
Progress: Building connections
Progress: Parameterizing connections
Progress: Validating
Progress: Done reading input file
Info: nios_system.cpu: CPUID control register value is 0. Please manually assign CPUID if creating multiple Nios II system
Info: nios_system: Generating nios_system "nios_system" for QUARTUS_SYNTH
Info: pipeline_bridge_swap_transform: After transform: 17 modules, 73 connections
Info: No custom instruction connections, skipping transform 
Info: merlin_translator_transform: After transform: 37 modules, 151 connections
Info: merlin_domain_transform: After transform: 77 modules, 408 connections
Info: merlin_router_transform: After transform: 97 modules, 486 connections
Info: merlin_burst_transform: After transform: 100 modules, 497 connections
Info: reset_adaptation_transform: After transform: 103 modules, 401 connections
Info: merlin_network_to_switch_transform: After transform: 141 modules, 483 connections
Info: merlin_width_transform: After transform: 147 modules, 501 connections
Info: merlin_mm_transform: After transform: 147 modules, 501 connections
Info: merlin_interrupt_mapper_transform: After transform: 149 modules, 507 connections
Warning: nios_system: "No matching role found for rst_controller_001:reset_out:reset_req (reset_req)"
Warning: nios_system: "No matching role found for rst_controller_001:reset_out:reset_req (reset_req)"
Warning: nios_system: "No matching role found for rst_controller_001:reset_out:reset_req (reset_req)"
Warning: nios_system: "No matching role found for rst_controller_001:reset_out:reset_req (reset_req)"
Warning: nios_system: "No matching role found for rst_controller_001:reset_out:reset_req (reset_req)"
Warning: nios_system: "No matching role found for rst_controller_001:reset_out:reset_req (reset_req)"
Warning: nios_system: "No matching role found for rst_controller_001:reset_out:reset_req (reset_req)"
Warning: nios_system: "No matching role found for rst_controller_001:reset_out:reset_req (reset_req)"
Warning: nios_system: "No matching role found for rst_controller_001:reset_out:reset_req (reset_req)"
Warning: nios_system: "No matching role found for rst_controller_001:reset_out:reset_req (reset_req)"
Warning: nios_system: "No matching role found for rst_controller_001:reset_out:reset_req (reset_req)"
Warning: nios_system: "No matching role found for rst_controller_001:reset_out:reset_req (reset_req)"
Warning: nios_system: "No matching role found for rst_controller_001:reset_out:reset_req (reset_req)"
Warning: nios_system: "No matching role found for rst_controller_001:reset_out:reset_req (reset_req)"
Warning: nios_system: "No matching role found for rst_controller_001:reset_out:reset_req (reset_req)"
Warning: nios_system: "No matching role found for rst_controller_001:reset_out:reset_req (reset_req)"
Info: JTAG_UART: Starting RTL generation for module 'nios_system_JTAG_UART'
Info: JTAG_UART:   Generation command is [exec C:/altera/13.0sp1/quartus/bin/perl/bin/perl.exe -I C:/altera/13.0sp1/quartus/common/ip/altera/common/perl/5.8.3 -I C:/altera/13.0sp1/quartus/sopc_builder/bin/europa -I C:/altera/13.0sp1/quartus/sopc_builder/bin/perl_lib -I C:/altera/13.0sp1/quartus/sopc_builder/bin -I C:/altera/13.0sp1/quartus/../ip/altera/sopc_builder_ip/common -I C:/altera/13.0sp1/quartus/../ip/altera/sopc_builder_ip/altera_avalon_jtag_uart -- C:/altera/13.0sp1/quartus/../ip/altera/sopc_builder_ip/altera_avalon_jtag_uart/generate_rtl.pl --name=nios_system_JTAG_UART --dir=C:/Users/secours/AppData/Local/Temp/alt0585_6007349710456884489.dir/0051_JTAG_UART_gen/ --quartus_dir=C:/altera/13.0sp1/quartus --verilog --config=C:/Users/secours/AppData/Local/Temp/alt0585_6007349710456884489.dir/0051_JTAG_UART_gen//nios_system_JTAG_UART_component_configuration.pl  --do_build_sim=0  ]
Info: JTAG_UART: Done RTL generation for module 'nios_system_JTAG_UART'
Info: JTAG_UART: "nios_system" instantiated altera_avalon_jtag_uart "JTAG_UART"
Info: Interval_timer: Starting RTL generation for module 'nios_system_Interval_timer'
Info: Interval_timer:   Generation command is [exec C:/altera/13.0sp1/quartus/bin/perl/bin/perl.exe -I C:/altera/13.0sp1/quartus/common/ip/altera/common/perl/5.8.3 -I C:/altera/13.0sp1/quartus/sopc_builder/bin/europa -I C:/altera/13.0sp1/quartus/sopc_builder/bin/perl_lib -I C:/altera/13.0sp1/quartus/sopc_builder/bin -I C:/altera/13.0sp1/quartus/../ip/altera/sopc_builder_ip/common -I C:/altera/13.0sp1/quartus/../ip/altera/sopc_builder_ip/altera_avalon_timer -- C:/altera/13.0sp1/quartus/../ip/altera/sopc_builder_ip/altera_avalon_timer/generate_rtl.pl --name=nios_system_Interval_timer --dir=C:/Users/secours/AppData/Local/Temp/alt0585_6007349710456884489.dir/0052_Interval_timer_gen/ --quartus_dir=C:/altera/13.0sp1/quartus --verilog --config=C:/Users/secours/AppData/Local/Temp/alt0585_6007349710456884489.dir/0052_Interval_timer_gen//nios_system_Interval_timer_component_configuration.pl  --do_build_sim=0  ]
Info: Interval_timer: Done RTL generation for module 'nios_system_Interval_timer'
Info: Interval_timer: "nios_system" instantiated altera_avalon_timer "Interval_timer"
Info: sdram: Starting RTL generation for module 'nios_system_sdram'
Info: sdram:   Generation command is [exec C:/altera/13.0sp1/quartus/bin/perl/bin/perl.exe -I C:/altera/13.0sp1/quartus/common/ip/altera/common/perl/5.8.3 -I C:/altera/13.0sp1/quartus/sopc_builder/bin/europa -I C:/altera/13.0sp1/quartus/sopc_builder/bin/perl_lib -I C:/altera/13.0sp1/quartus/sopc_builder/bin -I C:/altera/13.0sp1/quartus/../ip/altera/sopc_builder_ip/common -I C:/altera/13.0sp1/quartus/../ip/altera/sopc_builder_ip/altera_avalon_new_sdram_controller -- C:/altera/13.0sp1/quartus/../ip/altera/sopc_builder_ip/altera_avalon_new_sdram_controller/generate_rtl.pl --name=nios_system_sdram --dir=C:/Users/secours/AppData/Local/Temp/alt0585_6007349710456884489.dir/0053_sdram_gen/ --quartus_dir=C:/altera/13.0sp1/quartus --verilog --config=C:/Users/secours/AppData/Local/Temp/alt0585_6007349710456884489.dir/0053_sdram_gen//nios_system_sdram_component_configuration.pl  --do_build_sim=0  ]
Info: sdram: Done RTL generation for module 'nios_system_sdram'
Info: sdram: "nios_system" instantiated altera_avalon_new_sdram_controller "sdram"
Info: Red_LEDs: Starting Generation of Parallel Port
Info: Red_LEDs: "nios_system" instantiated altera_up_avalon_parallel_port "Red_LEDs"
Info: Green_LEDs: Starting Generation of Parallel Port
Info: Green_LEDs: "nios_system" instantiated altera_up_avalon_parallel_port "Green_LEDs"
Info: HEX3_HEX0: Starting Generation of Parallel Port
Info: HEX3_HEX0: "nios_system" instantiated altera_up_avalon_parallel_port "HEX3_HEX0"
Info: Slider_switches: Starting Generation of Parallel Port
Info: Slider_switches: "nios_system" instantiated altera_up_avalon_parallel_port "Slider_switches"
Info: Pushbuttons: Starting Generation of Parallel Port
Info: Pushbuttons: "nios_system" instantiated altera_up_avalon_parallel_port "Pushbuttons"
Info: Expansion_JP1: Starting Generation of Parallel Port
Info: Expansion_JP1: "nios_system" instantiated altera_up_avalon_parallel_port "Expansion_JP1"
Info: Expansion_JP2: Starting Generation of Parallel Port
Info: Expansion_JP2: "nios_system" instantiated altera_up_avalon_parallel_port "Expansion_JP2"
Info: Serial_port: Starting Generation of RS232 UART
Info: Serial_port: "nios_system" instantiated altera_up_avalon_rs232 "Serial_port"
Info: SRAM: Starting Generation of SRAM or SSRAM Controller
Info: SRAM: "nios_system" instantiated altera_up_avalon_sram "SRAM"
Info: cpu: Starting RTL generation for module 'nios_system_cpu'
Info: cpu:   Generation command is [exec C:/altera/13.0sp1/quartus/../ip/altera/nios2_ip/altera_nios2/eperl.exe -I C:/altera/13.0sp1/quartus/common/ip/altera/common/perl/5.8.3 -I C:/altera/13.0sp1/quartus/sopc_builder/bin/europa -I C:/altera/13.0sp1/quartus/sopc_builder/bin/perl_lib -I C:/altera/13.0sp1/quartus/sopc_builder/bin -I C:/altera/13.0sp1/quartus/../ip/altera/nios2_ip/altera_nios2/cpu_lib -I C:/altera/13.0sp1/quartus/../ip/altera/nios2_ip/altera_nios2/nios_lib -I C:/altera/13.0sp1/quartus/../ip/altera/nios2_ip/altera_nios2 -I C:/altera/13.0sp1/quartus/../ip/altera/nios2_ip/altera_nios2 -- C:/altera/13.0sp1/quartus/../ip/altera/nios2_ip/altera_nios2/generate_rtl.epl --name=nios_system_cpu --dir=C:/Users/secours/AppData/Local/Temp/alt0585_6007349710456884489.dir/0063_cpu_gen/ --quartus_dir=C:/altera/13.0sp1/quartus --verilog --config=C:/Users/secours/AppData/Local/Temp/alt0585_6007349710456884489.dir/0063_cpu_gen//nios_system_cpu_processor_configuration.pl  --do_build_sim=0    --bogus  ]
Info: cpu: # 2026.05.12 11:47:01 (*) Starting Nios II generation
Info: cpu: # 2026.05.12 11:47:01 (*)   Checking for plaintext license.
Info: cpu: # 2026.05.12 11:47:18 (*)   Plaintext license not found.
Info: cpu: # 2026.05.12 11:47:18 (*)   No license required to generate encrypted Nios II/e.
Info: cpu: # 2026.05.12 11:47:18 (*)   Elaborating CPU configuration settings
Info: cpu: # 2026.05.12 11:47:18 (*)   Creating all objects for CPU
Info: cpu: # 2026.05.12 11:47:19 (*)   Generating RTL from CPU objects
Info: cpu: # 2026.05.12 11:47:19 (*)   Creating plain-text RTL
Info: cpu: # 2026.05.12 11:47:21 (*) Done Nios II generation
Info: cpu: Done RTL generation for module 'nios_system_cpu'
Info: cpu: "nios_system" instantiated altera_nios2_qsys "cpu"
Info: onchip_memory2_0: Starting RTL generation for module 'nios_system_onchip_memory2_0'
Info: onchip_memory2_0:   Generation command is [exec C:/altera/13.0sp1/quartus/bin/perl/bin/perl.exe -I C:/altera/13.0sp1/quartus/common/ip/altera/common/perl/5.8.3 -I C:/altera/13.0sp1/quartus/sopc_builder/bin/europa -I C:/altera/13.0sp1/quartus/sopc_builder/bin/perl_lib -I C:/altera/13.0sp1/quartus/sopc_builder/bin -I C:/altera/13.0sp1/quartus/../ip/altera/sopc_builder_ip/common -I C:/altera/13.0sp1/quartus/../ip/altera/sopc_builder_ip/altera_avalon_onchip_memory2 -- C:/altera/13.0sp1/quartus/../ip/altera/sopc_builder_ip/altera_avalon_onchip_memory2/generate_rtl.pl --name=nios_system_onchip_memory2_0 --dir=C:/Users/secours/AppData/Local/Temp/alt0585_6007349710456884489.dir/0064_onchip_memory2_0_gen/ --quartus_dir=C:/altera/13.0sp1/quartus --verilog --config=C:/Users/secours/AppData/Local/Temp/alt0585_6007349710456884489.dir/0064_onchip_memory2_0_gen//nios_system_onchip_memory2_0_component_configuration.pl  --do_build_sim=0  ]
Info: onchip_memory2_0: Done RTL generation for module 'nios_system_onchip_memory2_0'
Info: onchip_memory2_0: "nios_system" instantiated altera_avalon_onchip_memory2 "onchip_memory2_0"
Info: nios2_qsys_0: Starting RTL generation for module 'nios_system_nios2_qsys_0'
Info: nios2_qsys_0:   Generation command is [exec C:/altera/13.0sp1/quartus/../ip/altera/nios2_ip/altera_nios2/eperl.exe -I C:/altera/13.0sp1/quartus/common/ip/altera/common/perl/5.8.3 -I C:/altera/13.0sp1/quartus/sopc_builder/bin/europa -I C:/altera/13.0sp1/quartus/sopc_builder/bin/perl_lib -I C:/altera/13.0sp1/quartus/sopc_builder/bin -I C:/altera/13.0sp1/quartus/../ip/altera/nios2_ip/altera_nios2/cpu_lib -I C:/altera/13.0sp1/quartus/../ip/altera/nios2_ip/altera_nios2/nios_lib -I C:/altera/13.0sp1/quartus/../ip/altera/nios2_ip/altera_nios2 -I C:/altera/13.0sp1/quartus/../ip/altera/nios2_ip/altera_nios2 -- C:/altera/13.0sp1/quartus/../ip/altera/nios2_ip/altera_nios2/generate_rtl.epl --name=nios_system_nios2_qsys_0 --dir=C:/Users/secours/AppData/Local/Temp/alt0585_6007349710456884489.dir/0065_nios2_qsys_0_gen/ --quartus_dir=C:/altera/13.0sp1/quartus --verilog --config=C:/Users/secours/AppData/Local/Temp/alt0585_6007349710456884489.dir/0065_nios2_qsys_0_gen//nios_system_nios2_qsys_0_processor_configuration.pl  --do_build_sim=0    --bogus  ]
Info: nios2_qsys_0: # 2026.05.12 11:47:22 (*) Starting Nios II generation
Info: nios2_qsys_0: # 2026.05.12 11:47:22 (*)   Checking for plaintext license.
Info: nios2_qsys_0: # 2026.05.12 11:47:39 (*)   Plaintext license not found.
Info: nios2_qsys_0: # 2026.05.12 11:47:39 (*)   No license required to generate encrypted Nios II/e.
Info: nios2_qsys_0: # 2026.05.12 11:47:39 (*)   Elaborating CPU configuration settings
Info: nios2_qsys_0: # 2026.05.12 11:47:39 (*)   Creating all objects for CPU
Info: nios2_qsys_0: # 2026.05.12 11:47:40 (*)   Generating RTL from CPU objects
Info: nios2_qsys_0: # 2026.05.12 11:47:40 (*)   Creating plain-text RTL
Info: nios2_qsys_0: # 2026.05.12 11:47:41 (*) Done Nios II generation
Info: nios2_qsys_0: Done RTL generation for module 'nios_system_nios2_qsys_0'
Info: nios2_qsys_0: "nios_system" instantiated altera_nios2_qsys "nios2_qsys_0"
Info: reg16_avalon_interface_0: "nios_system" instantiated reg16_avalon_interface "reg16_avalon_interface_0"
Info: cpu_instruction_master_translator: "nios_system" instantiated altera_merlin_master_translator "cpu_instruction_master_translator"
Info: cpu_jtag_debug_module_translator: "nios_system" instantiated altera_merlin_slave_translator "cpu_jtag_debug_module_translator"
Info: cpu_instruction_master_translator_avalon_universal_master_0_agent: "nios_system" instantiated altera_merlin_master_agent "cpu_instruction_master_translator_avalon_universal_master_0_agent"
Info: cpu_jtag_debug_module_translator_avalon_universal_slave_0_agent: "nios_system" instantiated altera_merlin_slave_agent "cpu_jtag_debug_module_translator_avalon_universal_slave_0_agent"
Info: cpu_jtag_debug_module_translator_avalon_universal_slave_0_agent_rsp_fifo: "nios_system" instantiated altera_avalon_sc_fifo "cpu_jtag_debug_module_translator_avalon_universal_slave_0_agent_rsp_fifo"
Info: addr_router: "nios_system" instantiated altera_merlin_router "addr_router"
Info: addr_router_001: "nios_system" instantiated altera_merlin_router "addr_router_001"
Info: id_router: "nios_system" instantiated altera_merlin_router "id_router"
Info: id_router_001: "nios_system" instantiated altera_merlin_router "id_router_001"
Info: id_router_003: "nios_system" instantiated altera_merlin_router "id_router_003"
Info: addr_router_002: "nios_system" instantiated altera_merlin_router "addr_router_002"
Info: addr_router_003: "nios_system" instantiated altera_merlin_router "addr_router_003"
Info: id_router_013: "nios_system" instantiated altera_merlin_router "id_router_013"
Info: id_router_015: "nios_system" instantiated altera_merlin_router "id_router_015"
Info: burst_adapter: "nios_system" instantiated altera_merlin_burst_adapter "burst_adapter"
Info: rst_controller: "nios_system" instantiated altera_reset_controller "rst_controller"
Info: cmd_xbar_demux: "nios_system" instantiated altera_merlin_demultiplexer "cmd_xbar_demux"
Info: cmd_xbar_demux_001: "nios_system" instantiated altera_merlin_demultiplexer "cmd_xbar_demux_001"
Info: cmd_xbar_mux: "nios_system" instantiated altera_merlin_multiplexer "cmd_xbar_mux"
Info: rsp_xbar_demux: "nios_system" instantiated altera_merlin_demultiplexer "rsp_xbar_demux"
Info: rsp_xbar_demux_003: "nios_system" instantiated altera_merlin_demultiplexer "rsp_xbar_demux_003"
Info: rsp_xbar_mux: "nios_system" instantiated altera_merlin_multiplexer "rsp_xbar_mux"
Info: Reusing file C:/Users/secours/Documents/SoC_TP1/vhdl/nios_system/synthesis/submodules/altera_merlin_arbitrator.sv
Info: rsp_xbar_mux_001: "nios_system" instantiated altera_merlin_multiplexer "rsp_xbar_mux_001"
Info: Reusing file C:/Users/secours/Documents/SoC_TP1/vhdl/nios_system/synthesis/submodules/altera_merlin_arbitrator.sv
Info: cmd_xbar_demux_002: "nios_system" instantiated altera_merlin_demultiplexer "cmd_xbar_demux_002"
Info: cmd_xbar_demux_003: "nios_system" instantiated altera_merlin_demultiplexer "cmd_xbar_demux_003"
Info: cmd_xbar_mux_013: "nios_system" instantiated altera_merlin_multiplexer "cmd_xbar_mux_013"
Info: Reusing file C:/Users/secours/Documents/SoC_TP1/vhdl/nios_system/synthesis/submodules/altera_merlin_arbitrator.sv
Info: rsp_xbar_demux_015: "nios_system" instantiated altera_merlin_demultiplexer "rsp_xbar_demux_015"
Info: rsp_xbar_mux_002: "nios_system" instantiated altera_merlin_multiplexer "rsp_xbar_mux_002"
Info: Reusing file C:/Users/secours/Documents/SoC_TP1/vhdl/nios_system/synthesis/submodules/altera_merlin_arbitrator.sv
Info: rsp_xbar_mux_003: "nios_system" instantiated altera_merlin_multiplexer "rsp_xbar_mux_003"
Info: Reusing file C:/Users/secours/Documents/SoC_TP1/vhdl/nios_system/synthesis/submodules/altera_merlin_arbitrator.sv
Info: width_adapter: "nios_system" instantiated altera_merlin_width_adapter "width_adapter"
Info: Reusing file C:/Users/secours/Documents/SoC_TP1/vhdl/nios_system/synthesis/submodules/altera_merlin_address_alignment.sv
Info: Reusing file C:/Users/secours/Documents/SoC_TP1/vhdl/nios_system/synthesis/submodules/altera_merlin_burst_uncompressor.sv
Info: irq_mapper: "nios_system" instantiated altera_irq_mapper "irq_mapper"
Info: irq_mapper_001: "nios_system" instantiated altera_irq_mapper "irq_mapper_001"
Info: nios_system: Done nios_system" with 49 modules, 285 files, 6002377 bytes
Info: ip-generate succeeded.
Info: Finished: Create HDL design files for synthesis
